// Jest Snapshot v1, https://goo.gl/fbAQLP

exports[`ims query should not have changed 1`] = `
Object {
  "aliases": Array [
    "qry",
  ],
  "description": "Query application programs, regions or transactions across an IMSplex. The query returns information about application programs, regions and transactions. This command submits a 'QUERY PGM', 'DIS ACT' or 'QUERY TRAN' IMS command and returns the output.",
  "name": "query",
  "passOn": Array [
    Object {
      "ignoreNodes": Array [
        Object {
          "type": "group",
        },
      ],
      "merge": true,
      "property": "options",
      "value": Array [
        Object {
          "aliases": Array [
            "H",
          ],
          "description": "The IMS Operations API server host name.",
          "group": "IMS Connection Options",
          "name": "host",
          "type": "string",
        },
        Object {
          "aliases": Array [
            "P",
          ],
          "description": "The IMS Operations API server port.",
          "group": "IMS Connection Options",
          "name": "port",
          "type": "number",
        },
        Object {
          "aliases": Array [
            "ich",
          ],
          "description": "The hostname of your instance of IMS Connect. This is typically the hostname of the mainframe LPAR where IMS Connect is running.",
          "group": "IMS Connection Options",
          "name": "ims-connect-host",
          "type": "string",
        },
        Object {
          "aliases": Array [
            "icp",
          ],
          "description": "The port of your instance of IMS Connect. This port can be found in your IMS Connect configuration file on the mainframe.",
          "group": "IMS Connection Options",
          "name": "ims-connect-port",
          "type": "number",
        },
        Object {
          "aliases": Array [
            "x",
          ],
          "description": "The name of the IMS plex.",
          "group": "IMS Connection Options",
          "name": "plex",
          "type": "string",
        },
        Object {
          "aliases": Array [
            "u",
          ],
          "description": "The web server user name where the IMS Operations API resides.",
          "group": "IMS Connection Options",
          "name": "user",
          "type": "string",
        },
        Object {
          "aliases": Array [
            "pass",
          ],
          "description": "The web server user password where the IMS Operations API resides.",
          "group": "IMS Connection Options",
          "name": "password",
          "type": "string",
        },
        Object {
          "aliases": Array [
            "bp",
          ],
          "description": "The base path for your API mediation layer instance. Specify this option to prepend the base path to all z/OSMF resources when making REST requests. Do not specify this option if you are not using an API mediation layer.",
          "group": "IMS Connection Options",
          "name": "base-path",
          "type": "string",
        },
        Object {
          "allowableValues": Object {
            "caseSensitive": false,
            "values": Array [
              "http",
              "https",
            ],
          },
          "defaultValue": "https",
          "description": "Specifies protocol (http or https).",
          "group": "IMS Connection Options",
          "name": "protocol",
          "type": "string",
        },
      ],
    },
  ],
  "summary": "Query resources from IMS",
  "type": "group",
}
`;
