// Jest Snapshot v1, https://goo.gl/fbAQLP

exports[`ims start region should not have changed 1`] = `
Object {
  "aliases": Array [
    "reg",
  ],
  "description": "Start an IMS region.",
  "examples": Array [
    Object {
      "description": "Start a region stored in a member named MEM1",
      "options": "\\"MEM1\\"",
    },
    Object {
      "description": "Start a region stored in a member named MEM2 specifying the region to route the command",
      "options": "\\"MEM2\\" --route \\"IMS1\\"",
    },
    Object {
      "description": "Start a region stored in a member named MEM3 and override the job name",
      "options": "\\"MEM3\\" --job-name \\"JOB9\\"",
    },
    Object {
      "description": "Start a region stored in a member named MEM4 routing to control regions IMS1 and IMS2",
      "options": "\\"MEM4\\" --route \\"IMS1 IMS2\\"",
    },
    Object {
      "description": "Start a region stored in a member named MEM5 specifying optional connection parameters",
      "options": "\\"MEM5\\" --user \\"username\\" --pass \\"pass1234\\" --host \\"localhost\\" --port 8080 --ich \\"zos1\\" --icp 9999 --plex \\"PLEX1\\"",
    },
  ],
  "name": "region",
  "options": Array [
    Object {
      "aliases": Array [
        "rte",
      ],
      "description": "The region(s) to route the command to",
      "name": "route",
      "type": "array",
    },
    Object {
      "aliases": Array [
        "l",
      ],
      "description": "If you specify the --local option, IMS overrides the symbolic IMSID parameter in the JCL of the default or specified member. --local is the default if you specify the --job-name option.",
      "name": "local",
      "type": "boolean",
    },
    Object {
      "aliases": Array [
        "jn",
      ],
      "description": "Use this option to override the job name on the JOB statement of the default or specified JCL member for a dependent region.",
      "name": "job-name",
      "type": "string",
    },
  ],
  "outputFormatOptions": true,
  "positionals": Array [
    Object {
      "description": "The name of the member that contains JCL for the region to start. The maximum length of the member name is eight characters. If no member name is specified, the default member name is used
",
      "name": "memberName",
      "type": "string",
    },
  ],
  "profile": Object {
    "optional": Array [
      "ims",
    ],
  },
  "type": "command",
}
`;
